
There are no discarded input sections

Memory Configuration

Name             Origin             Length             Attributes
FLASH            0x08000000         0x00080000         xr
SRAM             0x20000000         0x00020000         xrw
*default*        0x00000000         0xffffffff

Linker script and memory map


.text           0x08000000     0x13f0
 *(.isr_vector)
 .isr_vector    0x08000000      0x188 ./output/startup_Stm32f4.o
                0x08000000                g_pfnVectors
 *(.text)
 .text          0x08000188       0x4c ./output/main.o
                0x08000188                main
 .text          0x080001d4      0x478 ./output/stm32f4xx_gpio.o
                0x080001d4                GPIO_DeInit
                0x080002f4                GPIO_Init
                0x08000410                GPIO_StructInit
                0x08000442                GPIO_PinLockConfig
                0x08000484                GPIO_ReadInputDataBit
                0x080004b6                GPIO_ReadInputData
                0x080004ce                GPIO_ReadOutputDataBit
                0x08000500                GPIO_ReadOutputData
                0x08000518                GPIO_SetBits
                0x08000534                GPIO_ResetBits
                0x08000550                GPIO_WriteBit
                0x0800057e                GPIO_Write
                0x0800059a                GPIO_ToggleBits
                0x080005bc                GPIO_PinAFConfig
 .text          0x0800064c      0xaa8 ./output/stm32f4xx_rcc.o
                0x0800064c                RCC_DeInit
                0x080006a8                RCC_HSEConfig
                0x080006cc                RCC_WaitForHSEStartUp
                0x0800071c                RCC_AdjustHSICalibrationValue
                0x08000758                RCC_HSICmd
                0x08000778                RCC_LSEConfig
                0x080007b8                RCC_LSICmd
                0x080007d8                RCC_PLLConfig
                0x08000814                RCC_PLLCmd
                0x08000834                RCC_PLLI2SConfig
                0x0800085c                RCC_PLLI2SCmd
                0x0800087c                RCC_ClockSecuritySystemCmd
                0x0800089c                RCC_MCO1Config
                0x080008d8                RCC_MCO2Config
                0x08000914                RCC_SYSCLKConfig
                0x0800094c                RCC_GetSYSCLKSource
                0x08000968                RCC_HCLKConfig
                0x080009a0                RCC_PCLK1Config
                0x080009d8                RCC_PCLK2Config
                0x08000a10                RCC_GetClocksFreq
                0x08000b6c                RCC_RTCCLKConfig
                0x08000bc8                RCC_RTCCLKCmd
                0x08000be8                RCC_BackupResetCmd
                0x08000c08                RCC_I2SCLKConfig
                0x08000c24                RCC_TIMCLKPresConfig
                0x08000c40                RCC_AHB1PeriphClockCmd
                0x08000c7c                RCC_AHB2PeriphClockCmd
                0x08000cb8                RCC_AHB3PeriphClockCmd
                0x08000cf4                RCC_APB1PeriphClockCmd
                0x08000d30                RCC_APB2PeriphClockCmd
                0x08000d6c                RCC_AHB1PeriphResetCmd
                0x08000da8                RCC_AHB2PeriphResetCmd
                0x08000de4                RCC_AHB3PeriphResetCmd
                0x08000e20                RCC_APB1PeriphResetCmd
                0x08000e5c                RCC_APB2PeriphResetCmd
                0x08000e98                RCC_AHB1PeriphClockLPModeCmd
                0x08000ed4                RCC_AHB2PeriphClockLPModeCmd
                0x08000f10                RCC_AHB3PeriphClockLPModeCmd
                0x08000f4c                RCC_APB1PeriphClockLPModeCmd
                0x08000f88                RCC_APB2PeriphClockLPModeCmd
                0x08000fc4                RCC_ITConfig
                0x08001010                RCC_GetFlagStatus
                0x08001084                RCC_ClearFlag
                0x080010a0                RCC_GetITStatus
                0x080010d4                RCC_ClearITPendingBit
 .text          0x080010f4      0x250 ./output/system_stm32f4xx.o
                0x080010f4                SystemInit
                0x08001150                SystemCoreClockUpdate
 .text          0x08001344       0x8c ./output/startup_Stm32f4.o
                0x08001344                Reset_Handler
                0x080013c8                HASH_RNG_IRQHandler
                0x080013c8                EXTI2_IRQHandler
                0x080013c8                TIM8_CC_IRQHandler
                0x080013c8                DebugMon_Handler
                0x080013c8                TIM1_CC_IRQHandler
                0x080013c8                DMA2_Stream5_IRQHandler
                0x080013c8                HardFault_Handler
                0x080013c8                DMA1_Stream5_IRQHandler
                0x080013c8                SysTick_Handler
                0x080013c8                PVD_IRQHandler
                0x080013c8                SDIO_IRQHandler
                0x080013c8                TAMP_STAMP_IRQHandler
                0x080013c8                PendSV_Handler
                0x080013c8                NMI_Handler
                0x080013c8                CAN2_RX1_IRQHandler
                0x080013c8                EXTI3_IRQHandler
                0x080013c8                TIM8_TRG_COM_TIM14_IRQHandler
                0x080013c8                TIM1_UP_TIM10_IRQHandler
                0x080013c8                TIM8_UP_TIM13_IRQHandler
                0x080013c8                I2C3_ER_IRQHandler
                0x080013c8                EXTI0_IRQHandler
                0x080013c8                I2C2_EV_IRQHandler
                0x080013c8                DMA1_Stream2_IRQHandler
                0x080013c8                CAN1_RX0_IRQHandler
                0x080013c8                FPU_IRQHandler
                0x080013c8                OTG_HS_WKUP_IRQHandler
                0x080013c8                Defualt_Handle
                0x080013c8                UsageFault_Handler
                0x080013c8                CAN2_SCE_IRQHandler
                0x080013c8                DMA2_Stream2_IRQHandler
                0x080013c8                SPI1_IRQHandler
                0x080013c8                TIM6_DAC_IRQHandler
                0x080013c8                TIM1_BRK_TIM9_IRQHandler
                0x080013c8                DCMI_IRQHandler
                0x080013c8                CAN2_RX0_IRQHandler
                0x080013c8                DMA2_Stream3_IRQHandler
                0x080013c8                USART6_IRQHandler
                0x080013c8                USART3_IRQHandler
                0x080013c8                CRYP_IRQHandler
                0x080013c8                RTC_Alarm_IRQHandler
                0x080013c8                CAN1_RX1_IRQHandler
                0x080013c8                UART5_IRQHandler
                0x080013c8                DMA2_Stream0_IRQHandler
                0x080013c8                TIM4_IRQHandler
                0x080013c8                I2C1_EV_IRQHandler
                0x080013c8                DMA1_Stream6_IRQHandler
                0x080013c8                DMA1_Stream1_IRQHandler
                0x080013c8                UART4_IRQHandler
                0x080013c8                TIM3_IRQHandler
                0x080013c8                RCC_IRQHandler
                0x080013c8                TIM8_BRK_TIM12_IRQHandler
                0x080013c8                EXTI15_10_IRQHandler
                0x080013c8                ADC_IRQHandler
                0x080013c8                DMA1_Stream7_IRQHandler
                0x080013c8                TIM7_IRQHandler
                0x080013c8                CAN2_TX_IRQHandler
                0x080013c8                TIM5_IRQHandler
                0x080013c8                DMA2_Stream7_IRQHandler
                0x080013c8                I2C3_EV_IRQHandler
                0x080013c8                EXTI9_5_IRQHandler
                0x080013c8                RTC_WKUP_IRQHandler
                0x080013c8                ETH_WKUP_IRQHandler
                0x080013c8                SPI2_IRQHandler
                0x080013c8                OTG_HS_EP1_IN_IRQHandler
                0x080013c8                MemManage_Handler
                0x080013c8                DMA1_Stream0_IRQHandler
                0x080013c8                CAN1_TX_IRQHandler
                0x080013c8                SVC_Handler
                0x080013c8                EXTI4_IRQHandler
                0x080013c8                FSMC_IRQHandler
                0x080013c8                ETH_IRQHandler
                0x080013c8                OTG_HS_EP1_OUT_IRQHandler
                0x080013c8                WWDG_IRQHandler
                0x080013c8                TIM2_IRQHandler
                0x080013c8                OTG_FS_WKUP_IRQHandler
                0x080013c8                TIM1_TRG_COM_TIM11_IRQHandler
                0x080013c8                OTG_HS_IRQHandler
                0x080013c8                EXTI1_IRQHandler
                0x080013c8                USART2_IRQHandler
                0x080013c8                I2C2_ER_IRQHandler
                0x080013c8                DMA2_Stream1_IRQHandler
                0x080013c8                CAN1_SCE_IRQHandler
                0x080013c8                FLASH_IRQHandler
                0x080013c8                DMA2_Stream4_IRQHandler
                0x080013c8                BusFault_Handler
                0x080013c8                USART1_IRQHandler
                0x080013c8                OTG_FS_IRQHandler
                0x080013c8                SPI3_IRQHandler
                0x080013c8                DMA1_Stream4_IRQHandler
                0x080013c8                I2C1_ER_IRQHandler
                0x080013c8                DMA2_Stream6_IRQHandler
                0x080013c8                DMA1_Stream3_IRQHandler
 *(.rodata)
 .rodata        0x080013d0       0x10 ./output/stm32f4xx_rcc.o
 .rodata        0x080013e0       0x10 ./output/system_stm32f4xx.o
                0x080013e0                AHBPrescTable
                0x080013f0                        . = ALIGN (0x4)
                0x080013f0                        _etext = .
                [0x00000000]                      _la_data = LOADADDR (.data)

.glue_7         0x080013f0        0x0
 .glue_7        0x080013f0        0x0 linker stubs

.glue_7t        0x080013f0        0x0
 .glue_7t       0x080013f0        0x0 linker stubs

.vfp11_veneer   0x080013f0        0x0
 .vfp11_veneer  0x080013f0        0x0 linker stubs

.v4_bx          0x080013f0        0x0
 .v4_bx         0x080013f0        0x0 linker stubs

.iplt           0x080013f0        0x0
 .iplt          0x080013f0        0x0 ./output/main.o

.rel.dyn        0x080013f0        0x0
 .rel.iplt      0x080013f0        0x0 ./output/main.o

.data           0x20000000        0x4 load address 0x00000000
                0x20000000                        _sdata = .
 *(.data)
 .data          0x20000000        0x0 ./output/main.o
 .data          0x20000000        0x0 ./output/stm32f4xx_gpio.o
 .data          0x20000000        0x0 ./output/stm32f4xx_rcc.o
 .data          0x20000000        0x4 ./output/system_stm32f4xx.o
                0x20000000                SystemCoreClock
 .data          0x20000004        0x0 ./output/startup_Stm32f4.o
                0x20000004                        . = ALIGN (0x4)
                0x20000004                        _edata = .

.igot.plt       0x20000004        0x0 load address 0x00000004
 .igot.plt      0x20000004        0x0 ./output/main.o

.bss            0x20000004        0x8 load address 0x00000004
                0x20000004                        _sbss = .
 *(.bss)
 .bss           0x20000004        0x8 ./output/main.o
                0x20000004                GPIO_InitStructure
 .bss           0x2000000c        0x0 ./output/stm32f4xx_gpio.o
 .bss           0x2000000c        0x0 ./output/stm32f4xx_rcc.o
 .bss           0x2000000c        0x0 ./output/system_stm32f4xx.o
 .bss           0x2000000c        0x0 ./output/startup_Stm32f4.o
 *(COMMON)
                0x2000000c                        . = ALIGN (0x4)
                0x2000000c                        _ebss = .
LOAD ./output/main.o
LOAD ./output/stm32f4xx_gpio.o
LOAD ./output/stm32f4xx_rcc.o
LOAD ./output/system_stm32f4xx.o
LOAD ./output/startup_Stm32f4.o
OUTPUT(./output/stm32_f4.elf elf32-littlearm)
LOAD linker stubs

.debug_info     0x00000000     0x1c3c
 .debug_info    0x00000000      0x2d7 ./output/main.o
 .debug_info    0x000002d7      0x608 ./output/stm32f4xx_gpio.o
 .debug_info    0x000008df      0xc20 ./output/stm32f4xx_rcc.o
 .debug_info    0x000014ff      0x5ad ./output/system_stm32f4xx.o
 .debug_info    0x00001aac      0x190 ./output/startup_Stm32f4.o

.debug_abbrev   0x00000000      0x7bf
 .debug_abbrev  0x00000000      0x153 ./output/main.o
 .debug_abbrev  0x00000153      0x1ec ./output/stm32f4xx_gpio.o
 .debug_abbrev  0x0000033f      0x20b ./output/stm32f4xx_rcc.o
 .debug_abbrev  0x0000054a      0x167 ./output/system_stm32f4xx.o
 .debug_abbrev  0x000006b1      0x10e ./output/startup_Stm32f4.o

.debug_aranges  0x00000000       0xa0
 .debug_aranges
                0x00000000       0x20 ./output/main.o
 .debug_aranges
                0x00000020       0x20 ./output/stm32f4xx_gpio.o
 .debug_aranges
                0x00000040       0x20 ./output/stm32f4xx_rcc.o
 .debug_aranges
                0x00000060       0x20 ./output/system_stm32f4xx.o
 .debug_aranges
                0x00000080       0x20 ./output/startup_Stm32f4.o

.debug_line     0x00000000     0x102d
 .debug_line    0x00000000      0x1ae ./output/main.o
 .debug_line    0x000001ae      0x395 ./output/stm32f4xx_gpio.o
 .debug_line    0x00000543      0x69f ./output/stm32f4xx_rcc.o
 .debug_line    0x00000be2      0x2c5 ./output/system_stm32f4xx.o
 .debug_line    0x00000ea7      0x186 ./output/startup_Stm32f4.o

.debug_str      0x00000000      0xc57
 .debug_str     0x00000000      0xc57 ./output/main.o
                                0x328 (size before relaxing)
 .debug_str     0x00000c57      0x47c ./output/stm32f4xx_gpio.o
 .debug_str     0x00000c57      0x82b ./output/stm32f4xx_rcc.o
 .debug_str     0x00000c57      0x362 ./output/system_stm32f4xx.o
 .debug_str     0x00000c57      0x1ad ./output/startup_Stm32f4.o

.comment        0x00000000       0x45
 .comment       0x00000000       0x45 ./output/main.o
                                 0x46 (size before relaxing)
 .comment       0x00000045       0x46 ./output/stm32f4xx_gpio.o
 .comment       0x00000045       0x46 ./output/stm32f4xx_rcc.o
 .comment       0x00000045       0x46 ./output/system_stm32f4xx.o
 .comment       0x00000045       0x46 ./output/startup_Stm32f4.o

.ARM.attributes
                0x00000000       0x2e
 .ARM.attributes
                0x00000000       0x2e ./output/main.o
 .ARM.attributes
                0x0000002e       0x2e ./output/stm32f4xx_gpio.o
 .ARM.attributes
                0x0000005c       0x2e ./output/stm32f4xx_rcc.o
 .ARM.attributes
                0x0000008a       0x2e ./output/system_stm32f4xx.o
 .ARM.attributes
                0x000000b8       0x2e ./output/startup_Stm32f4.o

.debug_frame    0x00000000      0xa2c
 .debug_frame   0x00000000       0x2c ./output/main.o
 .debug_frame   0x0000002c      0x23c ./output/stm32f4xx_gpio.o
 .debug_frame   0x00000268      0x6fc ./output/stm32f4xx_rcc.o
 .debug_frame   0x00000964       0x7c ./output/system_stm32f4xx.o
 .debug_frame   0x000009e0       0x4c ./output/startup_Stm32f4.o
