
There are no discarded input sections

Memory Configuration

Name             Origin             Length             Attributes
FLASH            0x08000000         0x00080000         xr
SRAM             0x20000000         0x00020000         xrw
*default*        0x00000000         0xffffffff

Linker script and memory map


.text           0x08000000     0x1458
 *(.isr_vector)
 .isr_vector    0x08000000      0x188 ./output/startup_Stm32f4.o
                0x08000000                g_pfnVectors
 *(.text)
 .text          0x08000188       0xb4 ./output/main.o
                0x08000188                msDelay
                0x080001ca                main
 .text          0x0800023c      0xaa8 ./output/stm32f4xx_rcc.o
                0x0800023c                RCC_DeInit
                0x08000298                RCC_HSEConfig
                0x080002bc                RCC_WaitForHSEStartUp
                0x0800030c                RCC_AdjustHSICalibrationValue
                0x08000348                RCC_HSICmd
                0x08000368                RCC_LSEConfig
                0x080003a8                RCC_LSICmd
                0x080003c8                RCC_PLLConfig
                0x08000404                RCC_PLLCmd
                0x08000424                RCC_PLLI2SConfig
                0x0800044c                RCC_PLLI2SCmd
                0x0800046c                RCC_ClockSecuritySystemCmd
                0x0800048c                RCC_MCO1Config
                0x080004c8                RCC_MCO2Config
                0x08000504                RCC_SYSCLKConfig
                0x0800053c                RCC_GetSYSCLKSource
                0x08000558                RCC_HCLKConfig
                0x08000590                RCC_PCLK1Config
                0x080005c8                RCC_PCLK2Config
                0x08000600                RCC_GetClocksFreq
                0x0800075c                RCC_RTCCLKConfig
                0x080007b8                RCC_RTCCLKCmd
                0x080007d8                RCC_BackupResetCmd
                0x080007f8                RCC_I2SCLKConfig
                0x08000814                RCC_TIMCLKPresConfig
                0x08000830                RCC_AHB1PeriphClockCmd
                0x0800086c                RCC_AHB2PeriphClockCmd
                0x080008a8                RCC_AHB3PeriphClockCmd
                0x080008e4                RCC_APB1PeriphClockCmd
                0x08000920                RCC_APB2PeriphClockCmd
                0x0800095c                RCC_AHB1PeriphResetCmd
                0x08000998                RCC_AHB2PeriphResetCmd
                0x080009d4                RCC_AHB3PeriphResetCmd
                0x08000a10                RCC_APB1PeriphResetCmd
                0x08000a4c                RCC_APB2PeriphResetCmd
                0x08000a88                RCC_AHB1PeriphClockLPModeCmd
                0x08000ac4                RCC_AHB2PeriphClockLPModeCmd
                0x08000b00                RCC_AHB3PeriphClockLPModeCmd
                0x08000b3c                RCC_APB1PeriphClockLPModeCmd
                0x08000b78                RCC_APB2PeriphClockLPModeCmd
                0x08000bb4                RCC_ITConfig
                0x08000c00                RCC_GetFlagStatus
                0x08000c74                RCC_ClearFlag
                0x08000c90                RCC_GetITStatus
                0x08000cc4                RCC_ClearITPendingBit
 .text          0x08000ce4      0x478 ./output/stm32f4xx_gpio.o
                0x08000ce4                GPIO_DeInit
                0x08000e04                GPIO_Init
                0x08000f20                GPIO_StructInit
                0x08000f52                GPIO_PinLockConfig
                0x08000f94                GPIO_ReadInputDataBit
                0x08000fc6                GPIO_ReadInputData
                0x08000fde                GPIO_ReadOutputDataBit
                0x08001010                GPIO_ReadOutputData
                0x08001028                GPIO_SetBits
                0x08001044                GPIO_ResetBits
                0x08001060                GPIO_WriteBit
                0x0800108e                GPIO_Write
                0x080010aa                GPIO_ToggleBits
                0x080010cc                GPIO_PinAFConfig
 .text          0x0800115c      0x250 ./output/system_stm32f4xx.o
                0x0800115c                SystemInit
                0x080011b8                SystemCoreClockUpdate
 .text          0x080013ac       0x8c ./output/startup_Stm32f4.o
                0x080013ac                Reset_Handler
                0x08001430                HASH_RNG_IRQHandler
                0x08001430                EXTI2_IRQHandler
                0x08001430                TIM8_CC_IRQHandler
                0x08001430                DebugMon_Handler
                0x08001430                TIM1_CC_IRQHandler
                0x08001430                DMA2_Stream5_IRQHandler
                0x08001430                HardFault_Handler
                0x08001430                DMA1_Stream5_IRQHandler
                0x08001430                SysTick_Handler
                0x08001430                PVD_IRQHandler
                0x08001430                SDIO_IRQHandler
                0x08001430                TAMP_STAMP_IRQHandler
                0x08001430                PendSV_Handler
                0x08001430                NMI_Handler
                0x08001430                CAN2_RX1_IRQHandler
                0x08001430                EXTI3_IRQHandler
                0x08001430                TIM8_TRG_COM_TIM14_IRQHandler
                0x08001430                TIM1_UP_TIM10_IRQHandler
                0x08001430                TIM8_UP_TIM13_IRQHandler
                0x08001430                I2C3_ER_IRQHandler
                0x08001430                EXTI0_IRQHandler
                0x08001430                I2C2_EV_IRQHandler
                0x08001430                DMA1_Stream2_IRQHandler
                0x08001430                CAN1_RX0_IRQHandler
                0x08001430                FPU_IRQHandler
                0x08001430                OTG_HS_WKUP_IRQHandler
                0x08001430                Defualt_Handle
                0x08001430                UsageFault_Handler
                0x08001430                CAN2_SCE_IRQHandler
                0x08001430                DMA2_Stream2_IRQHandler
                0x08001430                SPI1_IRQHandler
                0x08001430                TIM6_DAC_IRQHandler
                0x08001430                TIM1_BRK_TIM9_IRQHandler
                0x08001430                DCMI_IRQHandler
                0x08001430                CAN2_RX0_IRQHandler
                0x08001430                DMA2_Stream3_IRQHandler
                0x08001430                USART6_IRQHandler
                0x08001430                USART3_IRQHandler
                0x08001430                CRYP_IRQHandler
                0x08001430                RTC_Alarm_IRQHandler
                0x08001430                CAN1_RX1_IRQHandler
                0x08001430                UART5_IRQHandler
                0x08001430                DMA2_Stream0_IRQHandler
                0x08001430                TIM4_IRQHandler
                0x08001430                I2C1_EV_IRQHandler
                0x08001430                DMA1_Stream6_IRQHandler
                0x08001430                DMA1_Stream1_IRQHandler
                0x08001430                UART4_IRQHandler
                0x08001430                TIM3_IRQHandler
                0x08001430                RCC_IRQHandler
                0x08001430                TIM8_BRK_TIM12_IRQHandler
                0x08001430                EXTI15_10_IRQHandler
                0x08001430                ADC_IRQHandler
                0x08001430                DMA1_Stream7_IRQHandler
                0x08001430                TIM7_IRQHandler
                0x08001430                CAN2_TX_IRQHandler
                0x08001430                TIM5_IRQHandler
                0x08001430                DMA2_Stream7_IRQHandler
                0x08001430                I2C3_EV_IRQHandler
                0x08001430                EXTI9_5_IRQHandler
                0x08001430                RTC_WKUP_IRQHandler
                0x08001430                ETH_WKUP_IRQHandler
                0x08001430                SPI2_IRQHandler
                0x08001430                OTG_HS_EP1_IN_IRQHandler
                0x08001430                MemManage_Handler
                0x08001430                DMA1_Stream0_IRQHandler
                0x08001430                CAN1_TX_IRQHandler
                0x08001430                SVC_Handler
                0x08001430                EXTI4_IRQHandler
                0x08001430                FSMC_IRQHandler
                0x08001430                ETH_IRQHandler
                0x08001430                OTG_HS_EP1_OUT_IRQHandler
                0x08001430                WWDG_IRQHandler
                0x08001430                TIM2_IRQHandler
                0x08001430                OTG_FS_WKUP_IRQHandler
                0x08001430                TIM1_TRG_COM_TIM11_IRQHandler
                0x08001430                OTG_HS_IRQHandler
                0x08001430                EXTI1_IRQHandler
                0x08001430                USART2_IRQHandler
                0x08001430                I2C2_ER_IRQHandler
                0x08001430                DMA2_Stream1_IRQHandler
                0x08001430                CAN1_SCE_IRQHandler
                0x08001430                FLASH_IRQHandler
                0x08001430                DMA2_Stream4_IRQHandler
                0x08001430                BusFault_Handler
                0x08001430                USART1_IRQHandler
                0x08001430                OTG_FS_IRQHandler
                0x08001430                SPI3_IRQHandler
                0x08001430                DMA1_Stream4_IRQHandler
                0x08001430                I2C1_ER_IRQHandler
                0x08001430                DMA2_Stream6_IRQHandler
                0x08001430                DMA1_Stream3_IRQHandler
 *(.rodata)
 .rodata        0x08001438       0x10 ./output/stm32f4xx_rcc.o
 .rodata        0x08001448       0x10 ./output/system_stm32f4xx.o
                0x08001448                AHBPrescTable
                0x08001458                        . = ALIGN (0x4)
                0x08001458                        _etext = .
                [0x00000000]                      _la_data = LOADADDR (.data)

.glue_7         0x08001458        0x0
 .glue_7        0x08001458        0x0 linker stubs

.glue_7t        0x08001458        0x0
 .glue_7t       0x08001458        0x0 linker stubs

.vfp11_veneer   0x08001458        0x0
 .vfp11_veneer  0x08001458        0x0 linker stubs

.v4_bx          0x08001458        0x0
 .v4_bx         0x08001458        0x0 linker stubs

.iplt           0x08001458        0x0
 .iplt          0x08001458        0x0 ./output/main.o

.rel.dyn        0x08001458        0x0
 .rel.iplt      0x08001458        0x0 ./output/main.o

.data           0x20000000        0x4 load address 0x00000000
                0x20000000                        _sdata = .
 *(.data)
 .data          0x20000000        0x0 ./output/main.o
 .data          0x20000000        0x0 ./output/stm32f4xx_rcc.o
 .data          0x20000000        0x0 ./output/stm32f4xx_gpio.o
 .data          0x20000000        0x4 ./output/system_stm32f4xx.o
                0x20000000                SystemCoreClock
 .data          0x20000004        0x0 ./output/startup_Stm32f4.o
                0x20000004                        . = ALIGN (0x4)
                0x20000004                        _edata = .

.igot.plt       0x20000004        0x0 load address 0x00000004
 .igot.plt      0x20000004        0x0 ./output/main.o

.bss            0x20000004        0x8 load address 0x00000004
                0x20000004                        _sbss = .
 *(.bss)
 .bss           0x20000004        0x8 ./output/main.o
                0x20000004                GPIO_InitStructure
 .bss           0x2000000c        0x0 ./output/stm32f4xx_rcc.o
 .bss           0x2000000c        0x0 ./output/stm32f4xx_gpio.o
 .bss           0x2000000c        0x0 ./output/system_stm32f4xx.o
 .bss           0x2000000c        0x0 ./output/startup_Stm32f4.o
 *(COMMON)
                0x2000000c                        . = ALIGN (0x4)
                0x2000000c                        _ebss = .
LOAD ./output/main.o
LOAD ./output/stm32f4xx_rcc.o
LOAD ./output/stm32f4xx_gpio.o
LOAD ./output/system_stm32f4xx.o
LOAD ./output/startup_Stm32f4.o
OUTPUT(./output/stm32_f4.elf elf32-littlearm)
LOAD linker stubs

.debug_info     0x00000000     0x1c83
 .debug_info    0x00000000      0x31e ./output/main.o
 .debug_info    0x0000031e      0xc20 ./output/stm32f4xx_rcc.o
 .debug_info    0x00000f3e      0x608 ./output/stm32f4xx_gpio.o
 .debug_info    0x00001546      0x5ad ./output/system_stm32f4xx.o
 .debug_info    0x00001af3      0x190 ./output/startup_Stm32f4.o

.debug_abbrev   0x00000000      0x80d
 .debug_abbrev  0x00000000      0x1a1 ./output/main.o
 .debug_abbrev  0x000001a1      0x20b ./output/stm32f4xx_rcc.o
 .debug_abbrev  0x000003ac      0x1ec ./output/stm32f4xx_gpio.o
 .debug_abbrev  0x00000598      0x167 ./output/system_stm32f4xx.o
 .debug_abbrev  0x000006ff      0x10e ./output/startup_Stm32f4.o

.debug_aranges  0x00000000       0xa0
 .debug_aranges
                0x00000000       0x20 ./output/main.o
 .debug_aranges
                0x00000020       0x20 ./output/stm32f4xx_rcc.o
 .debug_aranges
                0x00000040       0x20 ./output/stm32f4xx_gpio.o
 .debug_aranges
                0x00000060       0x20 ./output/system_stm32f4xx.o
 .debug_aranges
                0x00000080       0x20 ./output/startup_Stm32f4.o

.debug_line     0x00000000     0x110f
 .debug_line    0x00000000      0x233 ./output/main.o
 .debug_line    0x00000233      0x6b5 ./output/stm32f4xx_rcc.o
 .debug_line    0x000008e8      0x3c0 ./output/stm32f4xx_gpio.o
 .debug_line    0x00000ca8      0x2e1 ./output/system_stm32f4xx.o
 .debug_line    0x00000f89      0x186 ./output/startup_Stm32f4.o

.debug_str      0x00000000      0xc6e
 .debug_str     0x00000000      0xc6e ./output/main.o
                                0x33e (size before relaxing)
 .debug_str     0x00000c6e      0x82c ./output/stm32f4xx_rcc.o
 .debug_str     0x00000c6e      0x47c ./output/stm32f4xx_gpio.o
 .debug_str     0x00000c6e      0x362 ./output/system_stm32f4xx.o
 .debug_str     0x00000c6e      0x1ad ./output/startup_Stm32f4.o

.comment        0x00000000       0x45
 .comment       0x00000000       0x45 ./output/main.o
                                 0x46 (size before relaxing)
 .comment       0x00000045       0x46 ./output/stm32f4xx_rcc.o
 .comment       0x00000045       0x46 ./output/stm32f4xx_gpio.o
 .comment       0x00000045       0x46 ./output/system_stm32f4xx.o
 .comment       0x00000045       0x46 ./output/startup_Stm32f4.o

.ARM.attributes
                0x00000000       0x2e
 .ARM.attributes
                0x00000000       0x2e ./output/main.o
 .ARM.attributes
                0x0000002e       0x2e ./output/stm32f4xx_rcc.o
 .ARM.attributes
                0x0000005c       0x2e ./output/stm32f4xx_gpio.o
 .ARM.attributes
                0x0000008a       0x2e ./output/system_stm32f4xx.o
 .ARM.attributes
                0x000000b8       0x2e ./output/startup_Stm32f4.o

.debug_frame    0x00000000      0xa54
 .debug_frame   0x00000000       0x54 ./output/main.o
 .debug_frame   0x00000054      0x6fc ./output/stm32f4xx_rcc.o
 .debug_frame   0x00000750      0x23c ./output/stm32f4xx_gpio.o
 .debug_frame   0x0000098c       0x7c ./output/system_stm32f4xx.o
 .debug_frame   0x00000a08       0x4c ./output/startup_Stm32f4.o
