
Discarded input sections

 .text          0x00000000       0xe4 ./output/main.o
 .data          0x00000000        0x0 ./output/main.o
 .bss           0x00000000        0x8 ./output/main.o
 .debug_info    0x00000000      0x2d7 ./output/main.o
 .debug_abbrev  0x00000000      0x153 ./output/main.o
 .debug_aranges
                0x00000000       0x20 ./output/main.o
 .debug_line    0x00000000      0x221 ./output/main.o
 .debug_str     0x00000000      0x328 ./output/main.o
 .comment       0x00000000       0x46 ./output/main.o
 .debug_frame   0x00000000       0x2c ./output/main.o
 .text          0x00000000      0x250 ./output/system_stm32f4xx.o
 .data          0x00000000        0x4 ./output/system_stm32f4xx.o
 .bss           0x00000000        0x0 ./output/system_stm32f4xx.o
 .rodata        0x00000000       0x10 ./output/system_stm32f4xx.o
 .debug_info    0x00000000      0x5ad ./output/system_stm32f4xx.o
 .debug_abbrev  0x00000000      0x167 ./output/system_stm32f4xx.o
 .debug_aranges
                0x00000000       0x20 ./output/system_stm32f4xx.o
 .debug_line    0x00000000      0x2c5 ./output/system_stm32f4xx.o
 .debug_str     0x00000000      0x362 ./output/system_stm32f4xx.o
 .comment       0x00000000       0x46 ./output/system_stm32f4xx.o
 .debug_frame   0x00000000       0x7c ./output/system_stm32f4xx.o
 .text          0x00000000       0x8c ./output/startup_Stm32f4.o
 .data          0x00000000        0x0 ./output/startup_Stm32f4.o
 .bss           0x00000000        0x0 ./output/startup_Stm32f4.o
 .isr_vector    0x00000000      0x188 ./output/startup_Stm32f4.o
 .debug_info    0x00000000      0x190 ./output/startup_Stm32f4.o
 .debug_abbrev  0x00000000      0x10e ./output/startup_Stm32f4.o
 .debug_aranges
                0x00000000       0x20 ./output/startup_Stm32f4.o
 .debug_line    0x00000000      0x186 ./output/startup_Stm32f4.o
 .debug_str     0x00000000      0x1ad ./output/startup_Stm32f4.o
 .comment       0x00000000       0x46 ./output/startup_Stm32f4.o
 .debug_frame   0x00000000       0x4c ./output/startup_Stm32f4.o

Memory Configuration

Name             Origin             Length             Attributes
*default*        0x00000000         0xffffffff

Linker script and memory map

LOAD C:/arm-gnu-toolchain-13.3.rel1-mingw-w64-i686-arm-none-eabi/arm-none-eabi/lib/thumb/v6-m/nofp/libc.a
LOAD ./output/main.o
LOAD ./output/system_stm32f4xx.o
LOAD ./output/startup_Stm32f4.o
                [!provide]                        PROVIDE (__executable_start = SEGMENT_START ("text-segment", 0x8000))
                0x00008000                        . = SEGMENT_START ("text-segment", 0x8000)

.interp
 *(.interp)

.note.gnu.build-id
 *(.note.gnu.build-id)

.hash
 *(.hash)

.gnu.hash
 *(.gnu.hash)

.dynsym
 *(.dynsym)

.dynstr
 *(.dynstr)

.gnu.version
 *(.gnu.version)

.gnu.version_d
 *(.gnu.version_d)

.gnu.version_r
 *(.gnu.version_r)

.rel.dyn        0x00008000        0x0
 *(.rel.init)
 *(.rel.text .rel.text.* .rel.gnu.linkonce.t.*)
 *(.rel.fini)
 *(.rel.rodata .rel.rodata.* .rel.gnu.linkonce.r.*)
 *(.rel.data.rel.ro .rel.data.rel.ro.* .rel.gnu.linkonce.d.rel.ro.*)
 *(.rel.data .rel.data.* .rel.gnu.linkonce.d.*)
 *(.rel.tdata .rel.tdata.* .rel.gnu.linkonce.td.*)
 *(.rel.tbss .rel.tbss.* .rel.gnu.linkonce.tb.*)
 *(.rel.ctors)
 *(.rel.dtors)
 *(.rel.got)
 *(.rel.bss .rel.bss.* .rel.gnu.linkonce.b.*)
                [!provide]                        PROVIDE (__rel_iplt_start = .)
 *(.rel.iplt)
                [!provide]                        PROVIDE (__rel_iplt_end = .)

.rela.dyn       0x00008000        0x0
 *(.rela.init)
 *(.rela.text .rela.text.* .rela.gnu.linkonce.t.*)
 *(.rela.fini)
 *(.rela.rodata .rela.rodata.* .rela.gnu.linkonce.r.*)
 *(.rela.data .rela.data.* .rela.gnu.linkonce.d.*)
 *(.rela.tdata .rela.tdata.* .rela.gnu.linkonce.td.*)
 *(.rela.tbss .rela.tbss.* .rela.gnu.linkonce.tb.*)
 *(.rela.ctors)
 *(.rela.dtors)
 *(.rela.got)
 *(.rela.bss .rela.bss.* .rela.gnu.linkonce.b.*)
                [!provide]                        PROVIDE (__rela_iplt_start = .)
 *(.rela.iplt)
                [!provide]                        PROVIDE (__rela_iplt_end = .)

.rel.plt
 *(.rel.plt)

.rela.plt
 *(.rela.plt)

.init
 *(SORT_NONE(.init))

.plt
 *(.plt)

.iplt
 *(.iplt)

.gnu.sgstubs
 *(.gnu.sgstubs*)

.text           0x00008000        0x0
 *(.text.unlikely .text.*_unlikely .text.unlikely.*)
 *(.text.exit .text.exit.*)
 *(.text.startup .text.startup.*)
 *(.text.hot .text.hot.*)
 *(SORT_BY_NAME(.text.sorted.*))
 *(.text .stub .text.* .gnu.linkonce.t.*)
 *(.gnu.warning)
 *(.glue_7t)
 .glue_7t       0x00008000        0x0 linker stubs
 *(.glue_7)
 .glue_7        0x00008000        0x0 linker stubs
 *(.vfp11_veneer)
 .vfp11_veneer  0x00008000        0x0 linker stubs
 *(.v4_bx)
 .v4_bx         0x00008000        0x0 linker stubs

.fini
 *(SORT_NONE(.fini))
                [!provide]                        PROVIDE (__etext = .)
                [!provide]                        PROVIDE (_etext = .)
                [!provide]                        PROVIDE (etext = .)

.rodata
 *(.rodata .rodata.* .gnu.linkonce.r.*)

.rodata1
 *(.rodata1)

.ARM.extab
 *(.ARM.extab* .gnu.linkonce.armextab.*)

.ARM.exidx      0x00008000        0x0
                [!provide]                        PROVIDE (__exidx_start = .)
 *(.ARM.exidx* .gnu.linkonce.armexidx.*)
                [!provide]                        PROVIDE (__exidx_end = .)

.eh_frame_hdr
 *(.eh_frame_hdr)
 *(.eh_frame_entry .eh_frame_entry.*)

.eh_frame
 *(.eh_frame)
 *(.eh_frame.*)

.sframe
 *(.sframe)
 *(.sframe.*)

.gcc_except_table
 *(.gcc_except_table .gcc_except_table.*)

.gnu_extab
 *(.gnu_extab*)

.exception_ranges
 *(.exception_ranges*)
                0x00008000                        . = (ALIGN (CONSTANT (MAXPAGESIZE)) + (. & (CONSTANT (MAXPAGESIZE) - 0x1)))

.eh_frame
 *(.eh_frame)
 *(.eh_frame.*)

.sframe
 *(.sframe)
 *(.sframe.*)

.gnu_extab
 *(.gnu_extab)

.gcc_except_table
 *(.gcc_except_table .gcc_except_table.*)

.exception_ranges
 *(.exception_ranges*)

.tdata          0x00008000        0x0
                [!provide]                        PROVIDE (__tdata_start = .)
 *(.tdata .tdata.* .gnu.linkonce.td.*)

.tbss
 *(.tbss .tbss.* .gnu.linkonce.tb.*)
 *(.tcommon)

.preinit_array  0x00008000        0x0
                [!provide]                        PROVIDE (__preinit_array_start = .)
 *(.preinit_array)
                [!provide]                        PROVIDE (__preinit_array_end = .)

.init_array     0x00008000        0x0
                [!provide]                        PROVIDE (__init_array_start = .)
 *(SORT_BY_INIT_PRIORITY(.init_array.*) SORT_BY_INIT_PRIORITY(.ctors.*))
 *(.init_array EXCLUDE_FILE(*crtend?.o *crtend.o *crtbegin?.o *crtbegin.o) .ctors)
                [!provide]                        PROVIDE (__init_array_end = .)

.fini_array     0x00008000        0x0
                [!provide]                        PROVIDE (__fini_array_start = .)
 *(SORT_BY_INIT_PRIORITY(.fini_array.*) SORT_BY_INIT_PRIORITY(.dtors.*))
 *(.fini_array EXCLUDE_FILE(*crtend?.o *crtend.o *crtbegin?.o *crtbegin.o) .dtors)
                [!provide]                        PROVIDE (__fini_array_end = .)

.ctors
 *crtbegin.o(.ctors)
 *crtbegin?.o(.ctors)
 *(EXCLUDE_FILE(*crtend?.o *crtend.o) .ctors)
 *(SORT_BY_NAME(.ctors.*))
 *(.ctors)

.dtors
 *crtbegin.o(.dtors)
 *crtbegin?.o(.dtors)
 *(EXCLUDE_FILE(*crtend?.o *crtend.o) .dtors)
 *(SORT_BY_NAME(.dtors.*))
 *(.dtors)

.jcr
 *(.jcr)

.data.rel.ro
 *(.data.rel.ro.local* .gnu.linkonce.d.rel.ro.local.*)
 *(.data.rel.ro .data.rel.ro.* .gnu.linkonce.d.rel.ro.*)

.dynamic
 *(.dynamic)

.got
 *(.got.plt)
 *(.igot.plt)
 *(.got)
 *(.igot)

.data           0x00008000        0x0
                0x00008000                        __data_start = .
 *(.data .data.* .gnu.linkonce.d.*)

.data1
 *(.data1)
                0x00008000                        _edata = .
                [!provide]                        PROVIDE (edata = .)

.persistent     0x00008000        0x0
                [!provide]                        PROVIDE (__persistent_start = .)
 *(.persistent .persistent.* .gnu.linkonce.p.*)
                0x00008000                        . = ALIGN (0x4)
                [!provide]                        PROVIDE (__persistent_end = .)
                0x00008000                        . = ALIGN (ALIGNOF (NEXT_SECTION))
                0x00008000                        __bss_start = .
                0x00008000                        __bss_start__ = .

.bss            0x00008000        0x0
 *(.dynbss)
 *(.bss .bss.* .gnu.linkonce.b.*)
 *(COMMON)
                0x00008000                        . = ALIGN ((. != 0x0)?0x4:0x1)
                0x00008000                        _bss_end__ = .
                0x00008000                        __bss_end__ = .

.noinit         0x00008000        0x0
                [!provide]                        PROVIDE (__noinit_start = .)
 *(.noinit .noinit.* .gnu.linkonce.n.*)
                0x00008000                        . = ALIGN (0x4)
                [!provide]                        PROVIDE (__noinit_end = .)
                0x00008000                        . = ALIGN (0x4)
                0x00008000                        . = SEGMENT_START ("ldata-segment", .)
                0x00008000                        . = ALIGN (0x4)
                0x00008000                        __end__ = .
                0x00008000                        _end = .
                [!provide]                        PROVIDE (end = .)

.stack          0x00080000        0x0
                0x00080000                        _stack = .
 *(.stack)

.stab
 *(.stab)

.stabstr
 *(.stabstr)

.stab.excl
 *(.stab.excl)

.stab.exclstr
 *(.stab.exclstr)

.stab.index
 *(.stab.index)

.stab.indexstr
 *(.stab.indexstr)

.comment
 *(.comment)

.gnu.build.attributes
 *(.gnu.build.attributes .gnu.build.attributes.*)

.debug
 *(.debug)

.line
 *(.line)

.debug_srcinfo
 *(.debug_srcinfo)

.debug_sfnames
 *(.debug_sfnames)

.debug_aranges
 *(.debug_aranges)

.debug_pubnames
 *(.debug_pubnames)

.debug_info
 *(.debug_info .gnu.linkonce.wi.*)

.debug_abbrev
 *(.debug_abbrev)

.debug_line
 *(.debug_line .debug_line.* .debug_line_end)

.debug_frame
 *(.debug_frame)

.debug_str
 *(.debug_str)

.debug_loc
 *(.debug_loc)

.debug_macinfo
 *(.debug_macinfo)

.debug_weaknames
 *(.debug_weaknames)

.debug_funcnames
 *(.debug_funcnames)

.debug_typenames
 *(.debug_typenames)

.debug_varnames
 *(.debug_varnames)

.debug_pubtypes
 *(.debug_pubtypes)

.debug_ranges
 *(.debug_ranges)

.debug_addr
 *(.debug_addr)

.debug_line_str
 *(.debug_line_str)

.debug_loclists
 *(.debug_loclists)

.debug_macro
 *(.debug_macro)

.debug_names
 *(.debug_names)

.debug_rnglists
 *(.debug_rnglists)

.debug_str_offsets
 *(.debug_str_offsets)

.debug_sup
 *(.debug_sup)

.ARM.attributes
                0x00000000       0x2e
 *(.ARM.attributes)
 .ARM.attributes
                0x00000000       0x2e ./output/main.o
 .ARM.attributes
                0x0000002e       0x2e ./output/system_stm32f4xx.o
 .ARM.attributes
                0x0000005c       0x2e ./output/startup_Stm32f4.o
 *(.gnu.attributes)

.note.gnu.arm.ident
 *(.note.gnu.arm.ident)

/DISCARD/
 *(.note.GNU-stack)
 *(.gnu_debuglink)
 *(.gnu.lto_*)
OUTPUT(./output/stm32_f4.elf elf32-littlearm)
LOAD linker stubs
