
There are no discarded input sections

Memory Configuration

Name             Origin             Length             Attributes
FLASH            0x08000000         0x00080000         xr
SRAM             0x20000000         0x00020000         xrw
*default*        0x00000000         0xffffffff

Linker script and memory map


.text           0x08000000      0x8c0
 *(.isr_vector)
 .isr_vector    0x08000000      0x188 ./output/startup_Stm32f4.o
                0x08000000                g_pfnVectors
 *(.text)
 .text          0x08000188       0xb4 ./output/main.o
                0x08000188                main
 .text          0x0800023c      0x1f0 ./output/clock.o
                0x0800023c                ClockInit
 .text          0x0800042c      0x3b8 ./output/gpio.o
                0x0800054c                GpioInitOutput
                0x080005ae                GpioInitInput
                0x080005e8                GpioInitITinput
                0x08000744                GpioWritePin
                0x080007ba                GpioReadPin
 .text          0x080007e4       0x44 ./output/delay.o
                0x080007e4                delay_ms
 .text          0x08000828       0x8c ./output/startup_Stm32f4.o
                0x08000828                Reset_Handler
                0x080008ac                HASH_RNG_IRQHandler
                0x080008ac                EXTI2_IRQHandler
                0x080008ac                TIM8_CC_IRQHandler
                0x080008ac                DebugMon_Handler
                0x080008ac                TIM1_CC_IRQHandler
                0x080008ac                DMA2_Stream5_IRQHandler
                0x080008ac                HardFault_Handler
                0x080008ac                DMA1_Stream5_IRQHandler
                0x080008ac                SysTick_Handler
                0x080008ac                PVD_IRQHandler
                0x080008ac                SDIO_IRQHandler
                0x080008ac                TAMP_STAMP_IRQHandler
                0x080008ac                PendSV_Handler
                0x080008ac                NMI_Handler
                0x080008ac                CAN2_RX1_IRQHandler
                0x080008ac                EXTI3_IRQHandler
                0x080008ac                TIM8_TRG_COM_TIM14_IRQHandler
                0x080008ac                TIM1_UP_TIM10_IRQHandler
                0x080008ac                TIM8_UP_TIM13_IRQHandler
                0x080008ac                I2C3_ER_IRQHandler
                0x080008ac                I2C2_EV_IRQHandler
                0x080008ac                DMA1_Stream2_IRQHandler
                0x080008ac                CAN1_RX0_IRQHandler
                0x080008ac                FPU_IRQHandler
                0x080008ac                OTG_HS_WKUP_IRQHandler
                0x080008ac                Defualt_Handle
                0x080008ac                UsageFault_Handler
                0x080008ac                CAN2_SCE_IRQHandler
                0x080008ac                DMA2_Stream2_IRQHandler
                0x080008ac                SPI1_IRQHandler
                0x080008ac                TIM6_DAC_IRQHandler
                0x080008ac                TIM1_BRK_TIM9_IRQHandler
                0x080008ac                DCMI_IRQHandler
                0x080008ac                CAN2_RX0_IRQHandler
                0x080008ac                DMA2_Stream3_IRQHandler
                0x080008ac                USART6_IRQHandler
                0x080008ac                USART3_IRQHandler
                0x080008ac                CRYP_IRQHandler
                0x080008ac                RTC_Alarm_IRQHandler
                0x080008ac                CAN1_RX1_IRQHandler
                0x080008ac                UART5_IRQHandler
                0x080008ac                DMA2_Stream0_IRQHandler
                0x080008ac                TIM4_IRQHandler
                0x080008ac                I2C1_EV_IRQHandler
                0x080008ac                DMA1_Stream6_IRQHandler
                0x080008ac                DMA1_Stream1_IRQHandler
                0x080008ac                UART4_IRQHandler
                0x080008ac                TIM3_IRQHandler
                0x080008ac                RCC_IRQHandler
                0x080008ac                TIM8_BRK_TIM12_IRQHandler
                0x080008ac                EXTI15_10_IRQHandler
                0x080008ac                ADC_IRQHandler
                0x080008ac                DMA1_Stream7_IRQHandler
                0x080008ac                TIM7_IRQHandler
                0x080008ac                CAN2_TX_IRQHandler
                0x080008ac                TIM5_IRQHandler
                0x080008ac                DMA2_Stream7_IRQHandler
                0x080008ac                I2C3_EV_IRQHandler
                0x080008ac                EXTI9_5_IRQHandler
                0x080008ac                RTC_WKUP_IRQHandler
                0x080008ac                ETH_WKUP_IRQHandler
                0x080008ac                SPI2_IRQHandler
                0x080008ac                OTG_HS_EP1_IN_IRQHandler
                0x080008ac                MemManage_Handler
                0x080008ac                DMA1_Stream0_IRQHandler
                0x080008ac                CAN1_TX_IRQHandler
                0x080008ac                SVC_Handler
                0x080008ac                EXTI4_IRQHandler
                0x080008ac                FSMC_IRQHandler
                0x080008ac                ETH_IRQHandler
                0x080008ac                OTG_HS_EP1_OUT_IRQHandler
                0x080008ac                WWDG_IRQHandler
                0x080008ac                TIM2_IRQHandler
                0x080008ac                OTG_FS_WKUP_IRQHandler
                0x080008ac                TIM1_TRG_COM_TIM11_IRQHandler
                0x080008ac                OTG_HS_IRQHandler
                0x080008ac                EXTI1_IRQHandler
                0x080008ac                USART2_IRQHandler
                0x080008ac                I2C2_ER_IRQHandler
                0x080008ac                DMA2_Stream1_IRQHandler
                0x080008ac                CAN1_SCE_IRQHandler
                0x080008ac                FLASH_IRQHandler
                0x080008ac                DMA2_Stream4_IRQHandler
                0x080008ac                BusFault_Handler
                0x080008ac                USART1_IRQHandler
                0x080008ac                OTG_FS_IRQHandler
                0x080008ac                SPI3_IRQHandler
                0x080008ac                DMA1_Stream4_IRQHandler
                0x080008ac                I2C1_ER_IRQHandler
                0x080008ac                DMA2_Stream6_IRQHandler
                0x080008ac                DMA1_Stream3_IRQHandler
 .text          0x080008b4        0xc ./output/it.o
                0x080008b4                EXTI0_IRQHandler
 *(.rodata)
                0x080008c0                        . = ALIGN (0x4)
                0x080008c0                        _etext = .
                [0x00000000]                      _la_data = LOADADDR (.data)

.glue_7         0x080008c0        0x0
 .glue_7        0x080008c0        0x0 linker stubs

.glue_7t        0x080008c0        0x0
 .glue_7t       0x080008c0        0x0 linker stubs

.vfp11_veneer   0x080008c0        0x0
 .vfp11_veneer  0x080008c0        0x0 linker stubs

.v4_bx          0x080008c0        0x0
 .v4_bx         0x080008c0        0x0 linker stubs

.iplt           0x080008c0        0x0
 .iplt          0x080008c0        0x0 ./output/main.o

.rel.dyn        0x080008c0        0x0
 .rel.iplt      0x080008c0        0x0 ./output/main.o

.data           0x20000000        0x0 load address 0x00000000
                0x20000000                        _sdata = .
 *(.data)
 .data          0x20000000        0x0 ./output/main.o
 .data          0x20000000        0x0 ./output/clock.o
 .data          0x20000000        0x0 ./output/gpio.o
 .data          0x20000000        0x0 ./output/delay.o
 .data          0x20000000        0x0 ./output/startup_Stm32f4.o
 .data          0x20000000        0x0 ./output/it.o
                0x20000000                        . = ALIGN (0x4)
                0x20000000                        _edata = .

.igot.plt       0x20000000        0x0 load address 0x00000000
 .igot.plt      0x20000000        0x0 ./output/main.o

.bss            0x20000000        0x8 load address 0x00000000
                0x20000000                        _sbss = .
 *(.bss)
 .bss           0x20000000        0x0 ./output/main.o
 .bss           0x20000000        0x8 ./output/clock.o
                0x20000000                SystemClock
                0x20000004                uwTick
 .bss           0x20000008        0x0 ./output/gpio.o
 .bss           0x20000008        0x0 ./output/delay.o
 .bss           0x20000008        0x0 ./output/startup_Stm32f4.o
 .bss           0x20000008        0x0 ./output/it.o
 *(COMMON)
                0x20000008                        . = ALIGN (0x4)
                0x20000008                        _ebss = .
LOAD ./output/main.o
LOAD ./output/clock.o
LOAD ./output/gpio.o
LOAD ./output/delay.o
LOAD ./output/startup_Stm32f4.o
LOAD ./output/it.o
OUTPUT(./output/stm32_f4.elf elf32-littlearm)
LOAD linker stubs

.debug_info     0x00000000      0xe70
 .debug_info    0x00000000      0x20e ./output/main.o
 .debug_info    0x0000020e      0x3b2 ./output/clock.o
 .debug_info    0x000005c0      0x61b ./output/gpio.o
 .debug_info    0x00000bdb       0xcc ./output/delay.o
 .debug_info    0x00000ca7      0x190 ./output/startup_Stm32f4.o
 .debug_info    0x00000e37       0x39 ./output/it.o

.debug_abbrev   0x00000000      0x4fd
 .debug_abbrev  0x00000000       0xdf ./output/main.o
 .debug_abbrev  0x000000df       0xfc ./output/clock.o
 .debug_abbrev  0x000001db      0x15e ./output/gpio.o
 .debug_abbrev  0x00000339       0x89 ./output/delay.o
 .debug_abbrev  0x000003c2      0x10e ./output/startup_Stm32f4.o
 .debug_abbrev  0x000004d0       0x2d ./output/it.o

.debug_aranges  0x00000000       0xc0
 .debug_aranges
                0x00000000       0x20 ./output/main.o
 .debug_aranges
                0x00000020       0x20 ./output/clock.o
 .debug_aranges
                0x00000040       0x20 ./output/gpio.o
 .debug_aranges
                0x00000060       0x20 ./output/delay.o
 .debug_aranges
                0x00000080       0x20 ./output/startup_Stm32f4.o
 .debug_aranges
                0x000000a0       0x20 ./output/it.o

.debug_line     0x00000000      0xb27
 .debug_line    0x00000000      0x205 ./output/main.o
 .debug_line    0x00000205      0x2d5 ./output/clock.o
 .debug_line    0x000004da      0x306 ./output/gpio.o
 .debug_line    0x000007e0      0x177 ./output/delay.o
 .debug_line    0x00000957      0x188 ./output/startup_Stm32f4.o
 .debug_line    0x00000adf       0x48 ./output/it.o

.debug_str      0x00000000      0x561
 .debug_str     0x00000000      0x561 ./output/main.o
                                0x1c9 (size before relaxing)
 .debug_str     0x00000561      0x32f ./output/clock.o
 .debug_str     0x00000561      0x38c ./output/gpio.o
 .debug_str     0x00000561      0x16e ./output/delay.o
 .debug_str     0x00000561      0x1af ./output/startup_Stm32f4.o
 .debug_str     0x00000561       0xa3 ./output/it.o

.comment        0x00000000       0x45
 .comment       0x00000000       0x45 ./output/main.o
                                 0x46 (size before relaxing)
 .comment       0x00000045       0x46 ./output/clock.o
 .comment       0x00000045       0x46 ./output/gpio.o
 .comment       0x00000045       0x46 ./output/delay.o
 .comment       0x00000045       0x46 ./output/startup_Stm32f4.o
 .comment       0x00000045       0x46 ./output/it.o

.ARM.attributes
                0x00000000       0x2e
 .ARM.attributes
                0x00000000       0x2e ./output/main.o
 .ARM.attributes
                0x0000002e       0x2e ./output/clock.o
 .ARM.attributes
                0x0000005c       0x2e ./output/gpio.o
 .ARM.attributes
                0x0000008a       0x2e ./output/delay.o
 .ARM.attributes
                0x000000b8       0x2e ./output/startup_Stm32f4.o
 .ARM.attributes
                0x000000e6       0x2e ./output/it.o

.debug_frame    0x00000000      0x218
 .debug_frame   0x00000000       0x30 ./output/main.o
 .debug_frame   0x00000030       0x3c ./output/clock.o
 .debug_frame   0x0000006c       0xf8 ./output/gpio.o
 .debug_frame   0x00000164       0x38 ./output/delay.o
 .debug_frame   0x0000019c       0x4c ./output/startup_Stm32f4.o
 .debug_frame   0x000001e8       0x30 ./output/it.o
