
There are no discarded input sections

Memory Configuration

Name             Origin             Length             Attributes
FLASH            0x08000000         0x00080000         xr
SRAM             0x20000000         0x00020000         xrw
*default*        0x00000000         0xffffffff

Linker script and memory map


.text           0x08000000      0x52c
 *(.isr_vector)
 .isr_vector    0x08000000      0x188 ./output/startup_Stm32f4.o
                0x08000000                g_pfnVectors
 *(.text)
 .text          0x08000188        0x6 ./output/main.o
                0x08000188                main
 *fill*         0x0800018e        0x2 
 .text          0x08000190       0xb8 ./output/clock.o
                0x08000190                ClockInit
 .text          0x08000248      0x258 ./output/gpio.o
                0x08000248                GpioEnable
                0x08000368                GpioInitOutput
                0x080003ca                GpioInitInput
                0x08000402                GpioWritePin
                0x08000478                GpioReadPin
 .text          0x080004a0       0x8c ./output/startup_Stm32f4.o
                0x080004a0                Reset_Handler
                0x08000524                HASH_RNG_IRQHandler
                0x08000524                EXTI2_IRQHandler
                0x08000524                TIM8_CC_IRQHandler
                0x08000524                DebugMon_Handler
                0x08000524                TIM1_CC_IRQHandler
                0x08000524                DMA2_Stream5_IRQHandler
                0x08000524                HardFault_Handler
                0x08000524                DMA1_Stream5_IRQHandler
                0x08000524                SysTick_Handler
                0x08000524                PVD_IRQHandler
                0x08000524                SDIO_IRQHandler
                0x08000524                TAMP_STAMP_IRQHandler
                0x08000524                PendSV_Handler
                0x08000524                NMI_Handler
                0x08000524                CAN2_RX1_IRQHandler
                0x08000524                EXTI3_IRQHandler
                0x08000524                TIM8_TRG_COM_TIM14_IRQHandler
                0x08000524                TIM1_UP_TIM10_IRQHandler
                0x08000524                TIM8_UP_TIM13_IRQHandler
                0x08000524                I2C3_ER_IRQHandler
                0x08000524                EXTI0_IRQHandler
                0x08000524                I2C2_EV_IRQHandler
                0x08000524                DMA1_Stream2_IRQHandler
                0x08000524                CAN1_RX0_IRQHandler
                0x08000524                FPU_IRQHandler
                0x08000524                OTG_HS_WKUP_IRQHandler
                0x08000524                Defualt_Handle
                0x08000524                UsageFault_Handler
                0x08000524                CAN2_SCE_IRQHandler
                0x08000524                DMA2_Stream2_IRQHandler
                0x08000524                SPI1_IRQHandler
                0x08000524                TIM6_DAC_IRQHandler
                0x08000524                TIM1_BRK_TIM9_IRQHandler
                0x08000524                DCMI_IRQHandler
                0x08000524                CAN2_RX0_IRQHandler
                0x08000524                DMA2_Stream3_IRQHandler
                0x08000524                USART6_IRQHandler
                0x08000524                USART3_IRQHandler
                0x08000524                CRYP_IRQHandler
                0x08000524                RTC_Alarm_IRQHandler
                0x08000524                CAN1_RX1_IRQHandler
                0x08000524                UART5_IRQHandler
                0x08000524                DMA2_Stream0_IRQHandler
                0x08000524                TIM4_IRQHandler
                0x08000524                I2C1_EV_IRQHandler
                0x08000524                DMA1_Stream6_IRQHandler
                0x08000524                DMA1_Stream1_IRQHandler
                0x08000524                UART4_IRQHandler
                0x08000524                TIM3_IRQHandler
                0x08000524                RCC_IRQHandler
                0x08000524                TIM8_BRK_TIM12_IRQHandler
                0x08000524                EXTI15_10_IRQHandler
                0x08000524                ADC_IRQHandler
                0x08000524                DMA1_Stream7_IRQHandler
                0x08000524                TIM7_IRQHandler
                0x08000524                CAN2_TX_IRQHandler
                0x08000524                TIM5_IRQHandler
                0x08000524                DMA2_Stream7_IRQHandler
                0x08000524                I2C3_EV_IRQHandler
                0x08000524                EXTI9_5_IRQHandler
                0x08000524                RTC_WKUP_IRQHandler
                0x08000524                ETH_WKUP_IRQHandler
                0x08000524                SPI2_IRQHandler
                0x08000524                OTG_HS_EP1_IN_IRQHandler
                0x08000524                MemManage_Handler
                0x08000524                DMA1_Stream0_IRQHandler
                0x08000524                CAN1_TX_IRQHandler
                0x08000524                SVC_Handler
                0x08000524                EXTI4_IRQHandler
                0x08000524                FSMC_IRQHandler
                0x08000524                ETH_IRQHandler
                0x08000524                OTG_HS_EP1_OUT_IRQHandler
                0x08000524                WWDG_IRQHandler
                0x08000524                TIM2_IRQHandler
                0x08000524                OTG_FS_WKUP_IRQHandler
                0x08000524                TIM1_TRG_COM_TIM11_IRQHandler
                0x08000524                OTG_HS_IRQHandler
                0x08000524                EXTI1_IRQHandler
                0x08000524                USART2_IRQHandler
                0x08000524                I2C2_ER_IRQHandler
                0x08000524                DMA2_Stream1_IRQHandler
                0x08000524                CAN1_SCE_IRQHandler
                0x08000524                FLASH_IRQHandler
                0x08000524                DMA2_Stream4_IRQHandler
                0x08000524                BusFault_Handler
                0x08000524                USART1_IRQHandler
                0x08000524                OTG_FS_IRQHandler
                0x08000524                SPI3_IRQHandler
                0x08000524                DMA1_Stream4_IRQHandler
                0x08000524                I2C1_ER_IRQHandler
                0x08000524                DMA2_Stream6_IRQHandler
                0x08000524                DMA1_Stream3_IRQHandler
 *(.rodata)
                0x0800052c                        . = ALIGN (0x4)
                0x0800052c                        _etext = .
                [0x00000000]                      _la_data = LOADADDR (.data)

.glue_7         0x0800052c        0x0
 .glue_7        0x0800052c        0x0 linker stubs

.glue_7t        0x0800052c        0x0
 .glue_7t       0x0800052c        0x0 linker stubs

.vfp11_veneer   0x0800052c        0x0
 .vfp11_veneer  0x0800052c        0x0 linker stubs

.v4_bx          0x0800052c        0x0
 .v4_bx         0x0800052c        0x0 linker stubs

.iplt           0x0800052c        0x0
 .iplt          0x0800052c        0x0 ./output/startup_Stm32f4.o

.rel.dyn        0x0800052c        0x0
 .rel.iplt      0x0800052c        0x0 ./output/startup_Stm32f4.o

.data           0x20000000        0x0 load address 0x00000000
                0x20000000                        _sdata = .
 *(.data)
 .data          0x20000000        0x0 ./output/main.o
 .data          0x20000000        0x0 ./output/clock.o
 .data          0x20000000        0x0 ./output/gpio.o
 .data          0x20000000        0x0 ./output/startup_Stm32f4.o
                0x20000000                        . = ALIGN (0x4)
                0x20000000                        _edata = .

.igot.plt       0x20000000        0x0 load address 0x00000000
 .igot.plt      0x20000000        0x0 ./output/startup_Stm32f4.o

.bss            0x20000000        0x0 load address 0x00000000
                0x20000000                        _sbss = .
 *(.bss)
 .bss           0x20000000        0x0 ./output/main.o
 .bss           0x20000000        0x0 ./output/clock.o
 .bss           0x20000000        0x0 ./output/gpio.o
 .bss           0x20000000        0x0 ./output/startup_Stm32f4.o
 *(COMMON)
                0x20000000                        . = ALIGN (0x4)
                0x20000000                        _ebss = .
LOAD ./output/main.o
LOAD ./output/clock.o
LOAD ./output/gpio.o
LOAD ./output/startup_Stm32f4.o
OUTPUT(./output/stm32_f4.elf elf32-littlearm)
LOAD linker stubs

.debug_info     0x00000000      0x862
 .debug_info    0x00000000       0x83 ./output/main.o
 .debug_info    0x00000083      0x291 ./output/clock.o
 .debug_info    0x00000314      0x3be ./output/gpio.o
 .debug_info    0x000006d2      0x190 ./output/startup_Stm32f4.o

.debug_abbrev   0x00000000      0x300
 .debug_abbrev  0x00000000       0x45 ./output/main.o
 .debug_abbrev  0x00000045       0xa2 ./output/clock.o
 .debug_abbrev  0x000000e7      0x10b ./output/gpio.o
 .debug_abbrev  0x000001f2      0x10e ./output/startup_Stm32f4.o

.debug_aranges  0x00000000       0x80
 .debug_aranges
                0x00000000       0x20 ./output/main.o
 .debug_aranges
                0x00000020       0x20 ./output/clock.o
 .debug_aranges
                0x00000040       0x20 ./output/gpio.o
 .debug_aranges
                0x00000060       0x20 ./output/startup_Stm32f4.o

.debug_line     0x00000000      0x638
 .debug_line    0x00000000       0x4c ./output/main.o
 .debug_line    0x0000004c      0x1fc ./output/clock.o
 .debug_line    0x00000248      0x268 ./output/gpio.o
 .debug_line    0x000004b0      0x188 ./output/startup_Stm32f4.o

.debug_str      0x00000000      0x3af
 .debug_str     0x00000000      0x3af ./output/main.o
                                0x11d (size before relaxing)
 .debug_str     0x000003af      0x27e ./output/clock.o
 .debug_str     0x000003af      0x2e9 ./output/gpio.o
 .debug_str     0x000003af      0x1af ./output/startup_Stm32f4.o

.comment        0x00000000       0x45
 .comment       0x00000000       0x45 ./output/main.o
                                 0x46 (size before relaxing)
 .comment       0x00000045       0x46 ./output/clock.o
 .comment       0x00000045       0x46 ./output/gpio.o
 .comment       0x00000045       0x46 ./output/startup_Stm32f4.o

.ARM.attributes
                0x00000000       0x2e
 .ARM.attributes
                0x00000000       0x2e ./output/main.o
 .ARM.attributes
                0x0000002e       0x2e ./output/clock.o
 .ARM.attributes
                0x0000005c       0x2e ./output/gpio.o
 .ARM.attributes
                0x0000008a       0x2e ./output/startup_Stm32f4.o

.debug_frame    0x00000000      0x17c
 .debug_frame   0x00000000       0x28 ./output/main.o
 .debug_frame   0x00000028       0x30 ./output/clock.o
 .debug_frame   0x00000058       0xd8 ./output/gpio.o
 .debug_frame   0x00000130       0x4c ./output/startup_Stm32f4.o
